C:\tmp\rawsql-harness-sensitivity-ts-v0-3\benchmark\rawsql-harness-sensitivity-ts-v0.3\calibration\CAL06\node_modules\pg\lib\client.js:535
          Error.captureStackTrace(err)
                ^

error: duplicate key value violates unique constraint "inventory_events_request_id_event_type_key"
    at C:\tmp\rawsql-harness-sensitivity-ts-v0-3\benchmark\rawsql-harness-sensitivity-ts-v0.3\calibration\CAL06\node_modules\pg\lib\client.js:535:17
    at process.processTicksAndRejections (node:internal/process/task_queues:105:5)
    at async file:///C:/tmp/rawsql-harness-sensitivity-ts-v0-3/benchmark/rawsql-harness-sensitivity-ts-v0.3/calibration/CAL06/dist/server.js:25:5 {
  length: 320,
  severity: 'ERROR',
  code: '23505',
  detail: 'Key (request_id, event_type)=(aaaaaaaa-0000-0000-0000-000000000001, reserved) already exists.',
  hint: undefined,
  position: undefined,
  internalPosition: undefined,
  internalQuery: undefined,
  where: undefined,
  schema: 'public',
  table: 'inventory_events',
  column: undefined,
  dataType: undefined,
  constraint: 'inventory_events_request_id_event_type_key',
  file: 'nbtinsert.c',
  line: '666',
  routine: '_bt_check_unique'
}

Node.js v22.14.0
